// Jest Snapshot v1, https://goo.gl/fbAQLP

exports[`should write "Hello" 1`] = `
<div>
  Hello
</div>
`;
